

================================================================
== Vitis HLS Report for 'naive_findClustersHLS1_Pipeline_1'
================================================================
* Date:           Thu Apr 24 10:01:43 2025

* Version:        2023.1 (Build 3854077 on May  4 2023)
* Project:        clustering
* Solution:       solution1 (Vivado IP Flow Target)
* Product family: virtexuplus
* Target device:  xcvu11p-flga2577-1-e


================================================================
== Performance Estimates
================================================================
+ Timing: 
    * Summary: 
    +--------+----------+----------+------------+
    |  Clock |  Target  | Estimated| Uncertainty|
    +--------+----------+----------+------------+
    |ap_clk  |  10.00 ns|  2.152 ns|     2.70 ns|
    +--------+----------+----------+------------+

+ Latency: 
    * Summary: 
    +---------+---------+----------+----------+-----+-----+---------+
    |  Latency (cycles) |  Latency (absolute) |  Interval | Pipeline|
    |   min   |   max   |    min   |    max   | min | max |   Type  |
    +---------+---------+----------+----------+-----+-----+---------+
    |       51|       51|  0.510 us|  0.510 us|   51|   51|       no|
    +---------+---------+----------+----------+-----+-----+---------+

    + Detail: 
        * Instance: 
        N/A

        * Loop: 
        +----------+---------+---------+----------+-----------+-----------+------+----------+
        |          |  Latency (cycles) | Iteration|  Initiation Interval  | Trip |          |
        | Loop Name|   min   |   max   |  Latency |  achieved |   target  | Count| Pipelined|
        +----------+---------+---------+----------+-----------+-----------+------+----------+
        |- Loop 1  |       49|       49|         5|          5|          1|    10|       yes|
        +----------+---------+---------+----------+-----------+-----------+------+----------+



================================================================
== Utilization Estimates
================================================================
* Summary: 
+---------------------+---------+------+---------+---------+-----+
|         Name        | BRAM_18K|  DSP |    FF   |   LUT   | URAM|
+---------------------+---------+------+---------+---------+-----+
|DSP                  |        -|     -|        -|        -|    -|
|Expression           |        -|     -|        0|      157|    -|
|FIFO                 |        -|     -|        -|        -|    -|
|Instance             |        -|     -|        -|        -|    -|
|Memory               |        -|     -|        -|        -|    -|
|Multiplexer          |        -|     -|        -|      244|    -|
|Register             |        -|     -|       17|        -|    -|
+---------------------+---------+------+---------+---------+-----+
|Total                |        0|     0|       17|      401|    0|
+---------------------+---------+------+---------+---------+-----+
|Available SLR        |     1344|  3072|   864000|   432000|  320|
+---------------------+---------+------+---------+---------+-----+
|Utilization SLR (%)  |        0|     0|       ~0|       ~0|    0|
+---------------------+---------+------+---------+---------+-----+
|Available            |     4032|  9216|  2592000|  1296000|  960|
+---------------------+---------+------+---------+---------+-----+
|Utilization (%)      |        0|     0|       ~0|       ~0|    0|
+---------------------+---------+------+---------+---------+-----+

+ Detail: 
    * Instance: 
    N/A

    * DSP: 
    N/A

    * Memory: 
    N/A

    * FIFO: 
    N/A

    * Expression: 
    +-----------------------+----------+----+---+----+------------+------------+
    |     Variable Name     | Operation| DSP| FF| LUT| Bitwidth P0| Bitwidth P1|
    +-----------------------+----------+----+---+----+------------+------------+
    |add_ln142_1_fu_359_p2  |         +|   0|  0|  14|           7|           7|
    |add_ln142_2_fu_402_p2  |         +|   0|  0|  14|           7|           2|
    |add_ln142_3_fu_414_p2  |         +|   0|  0|  14|           7|           2|
    |add_ln142_4_fu_426_p2  |         +|   0|  0|  14|           7|           3|
    |add_ln142_5_fu_438_p2  |         +|   0|  0|  14|           7|           3|
    |add_ln142_6_fu_450_p2  |         +|   0|  0|  14|           7|           3|
    |add_ln142_7_fu_462_p2  |         +|   0|  0|  14|           7|           3|
    |add_ln142_8_fu_474_p2  |         +|   0|  0|  14|           7|           4|
    |add_ln142_9_fu_486_p2  |         +|   0|  0|  14|           7|           4|
    |add_ln142_fu_385_p2    |         +|   0|  0|  12|           4|           1|
    |icmp_ln142_fu_391_p2   |      icmp|   0|  0|  12|           4|           4|
    |or_ln142_fu_372_p2     |        or|   0|  0|   7|           1|           7|
    +-----------------------+----------+----+---+----+------------+------------+
    |Total                  |          |   0|  0| 157|          72|          43|
    +-----------------------+----------+----+---+----+------------+------------+

    * Multiplexer: 
    +-------------------------------------+----+-----------+-----+-----------+
    |                 Name                | LUT| Input Size| Bits| Total Bits|
    +-------------------------------------+----+-----------+-----+-----------+
    |ap_NS_fsm                            |  31|          6|    1|          6|
    |ap_done_int                          |   9|          2|    1|          2|
    |ap_sig_allocacmp_indvars_iv117_load  |   9|          2|    4|          8|
    |clusterGrid_clusterID_address0       |  31|          6|    7|         42|
    |clusterGrid_clusterID_address1       |  31|          6|    7|         42|
    |clusterGrid_x_address0               |  31|          6|    7|         42|
    |clusterGrid_x_address1               |  31|          6|    7|         42|
    |clusterGrid_y_address0               |  31|          6|    7|         42|
    |clusterGrid_y_address1               |  31|          6|    7|         42|
    |indvars_iv117_fu_54                  |   9|          2|    4|          8|
    +-------------------------------------+----+-----------+-----+-----------+
    |Total                                | 244|         48|   52|        276|
    +-------------------------------------+----+-----------+-----+-----------+

    * Register: 
    +---------------------+---+----+-----+-----------+
    |         Name        | FF| LUT| Bits| Const Bits|
    +---------------------+---+----+-----+-----------+
    |add_ln142_1_reg_505  |  6|   0|    7|          1|
    |ap_CS_fsm            |  5|   0|    5|          0|
    |ap_done_reg          |  1|   0|    1|          0|
    |icmp_ln142_reg_517   |  1|   0|    1|          0|
    |indvars_iv117_fu_54  |  4|   0|    4|          0|
    +---------------------+---+----+-----+-----------+
    |Total                | 17|   0|   18|          1|
    +---------------------+---+----+-----+-----------+



================================================================
== Interface
================================================================
* Summary: 
+--------------------------------+-----+-----+------------+-----------------------------------+--------------+
|            RTL Ports           | Dir | Bits|  Protocol  |           Source Object           |    C Type    |
+--------------------------------+-----+-----+------------+-----------------------------------+--------------+
|ap_clk                          |   in|    1|  ap_ctrl_hs|  naive_findClustersHLS1_Pipeline_1|  return value|
|ap_rst                          |   in|    1|  ap_ctrl_hs|  naive_findClustersHLS1_Pipeline_1|  return value|
|ap_start                        |   in|    1|  ap_ctrl_hs|  naive_findClustersHLS1_Pipeline_1|  return value|
|ap_done                         |  out|    1|  ap_ctrl_hs|  naive_findClustersHLS1_Pipeline_1|  return value|
|ap_idle                         |  out|    1|  ap_ctrl_hs|  naive_findClustersHLS1_Pipeline_1|  return value|
|ap_ready                        |  out|    1|  ap_ctrl_hs|  naive_findClustersHLS1_Pipeline_1|  return value|
|clusterGrid_x_address0          |  out|    7|   ap_memory|                      clusterGrid_x|         array|
|clusterGrid_x_ce0               |  out|    1|   ap_memory|                      clusterGrid_x|         array|
|clusterGrid_x_we0               |  out|    1|   ap_memory|                      clusterGrid_x|         array|
|clusterGrid_x_d0                |  out|   32|   ap_memory|                      clusterGrid_x|         array|
|clusterGrid_x_address1          |  out|    7|   ap_memory|                      clusterGrid_x|         array|
|clusterGrid_x_ce1               |  out|    1|   ap_memory|                      clusterGrid_x|         array|
|clusterGrid_x_we1               |  out|    1|   ap_memory|                      clusterGrid_x|         array|
|clusterGrid_x_d1                |  out|   32|   ap_memory|                      clusterGrid_x|         array|
|clusterGrid_y_address0          |  out|    7|   ap_memory|                      clusterGrid_y|         array|
|clusterGrid_y_ce0               |  out|    1|   ap_memory|                      clusterGrid_y|         array|
|clusterGrid_y_we0               |  out|    1|   ap_memory|                      clusterGrid_y|         array|
|clusterGrid_y_d0                |  out|   32|   ap_memory|                      clusterGrid_y|         array|
|clusterGrid_y_address1          |  out|    7|   ap_memory|                      clusterGrid_y|         array|
|clusterGrid_y_ce1               |  out|    1|   ap_memory|                      clusterGrid_y|         array|
|clusterGrid_y_we1               |  out|    1|   ap_memory|                      clusterGrid_y|         array|
|clusterGrid_y_d1                |  out|   32|   ap_memory|                      clusterGrid_y|         array|
|clusterGrid_clusterID_address0  |  out|    7|   ap_memory|              clusterGrid_clusterID|         array|
|clusterGrid_clusterID_ce0       |  out|    1|   ap_memory|              clusterGrid_clusterID|         array|
|clusterGrid_clusterID_we0       |  out|    1|   ap_memory|              clusterGrid_clusterID|         array|
|clusterGrid_clusterID_d0        |  out|   32|   ap_memory|              clusterGrid_clusterID|         array|
|clusterGrid_clusterID_address1  |  out|    7|   ap_memory|              clusterGrid_clusterID|         array|
|clusterGrid_clusterID_ce1       |  out|    1|   ap_memory|              clusterGrid_clusterID|         array|
|clusterGrid_clusterID_we1       |  out|    1|   ap_memory|              clusterGrid_clusterID|         array|
|clusterGrid_clusterID_d1        |  out|   32|   ap_memory|              clusterGrid_clusterID|         array|
+--------------------------------+-----+-----+------------+-----------------------------------+--------------+

