

================================================================
== Vitis HLS Report for 'naive_findClustersHLS1_Pipeline_2'
================================================================
* Date:           Thu Apr 24 10:01:44 2025

* Version:        2023.1 (Build 3854077 on May  4 2023)
* Project:        clustering
* Solution:       solution1 (Vivado IP Flow Target)
* Product family: virtexuplus
* Target device:  xcvu11p-flga2577-1-e


================================================================
== Performance Estimates
================================================================
+ Timing: 
    * Summary: 
    +--------+----------+----------+------------+
    |  Clock |  Target  | Estimated| Uncertainty|
    +--------+----------+----------+------------+
    |ap_clk  |  10.00 ns|  1.316 ns|     2.70 ns|
    +--------+----------+----------+------------+

+ Latency: 
    * Summary: 
    +---------+---------+----------+----------+-----+-----+---------+
    |  Latency (cycles) |  Latency (absolute) |  Interval | Pipeline|
    |   min   |   max   |    min   |    max   | min | max |   Type  |
    +---------+---------+----------+----------+-----+-----+---------+
    |      101|      101|  1.010 us|  1.010 us|  101|  101|       no|
    +---------+---------+----------+----------+-----+-----+---------+

    + Detail: 
        * Instance: 
        N/A

        * Loop: 
        +----------+---------+---------+----------+-----------+-----------+------+----------+
        |          |  Latency (cycles) | Iteration|  Initiation Interval  | Trip |          |
        | Loop Name|   min   |   max   |  Latency |  achieved |   target  | Count| Pipelined|
        +----------+---------+---------+----------+-----------+-----------+------+----------+
        |- Loop 1  |       99|       99|         1|          1|          1|   100|       yes|
        +----------+---------+---------+----------+-----------+-----------+------+----------+



================================================================
== Utilization Estimates
================================================================
* Summary: 
+---------------------+---------+------+---------+---------+-----+
|         Name        | BRAM_18K|  DSP |    FF   |   LUT   | URAM|
+---------------------+---------+------+---------+---------+-----+
|DSP                  |        -|     -|        -|        -|    -|
|Expression           |        -|     -|        0|       28|    -|
|FIFO                 |        -|     -|        -|        -|    -|
|Instance             |        -|     -|        -|        -|    -|
|Memory               |        -|     -|        -|        -|    -|
|Multiplexer          |        -|     -|        -|       27|    -|
|Register             |        -|     -|        9|        -|    -|
+---------------------+---------+------+---------+---------+-----+
|Total                |        0|     0|        9|       55|    0|
+---------------------+---------+------+---------+---------+-----+
|Available SLR        |     1344|  3072|   864000|   432000|  320|
+---------------------+---------+------+---------+---------+-----+
|Utilization SLR (%)  |        0|     0|       ~0|       ~0|    0|
+---------------------+---------+------+---------+---------+-----+
|Available            |     4032|  9216|  2592000|  1296000|  960|
+---------------------+---------+------+---------+---------+-----+
|Utilization (%)      |        0|     0|       ~0|       ~0|    0|
+---------------------+---------+------+---------+---------+-----+

+ Detail: 
    * Instance: 
    N/A

    * DSP: 
    N/A

    * Memory: 
    N/A

    * FIFO: 
    N/A

    * Expression: 
    +---------------------+----------+----+---+----+------------+------------+
    |    Variable Name    | Operation| DSP| FF| LUT| Bitwidth P0| Bitwidth P1|
    +---------------------+----------+----+---+----+------------+------------+
    |add_ln147_fu_72_p2   |         +|   0|  0|  14|           7|           1|
    |icmp_ln147_fu_78_p2  |      icmp|   0|  0|  14|           7|           6|
    +---------------------+----------+----+---+----+------------+------------+
    |Total                |          |   0|  0|  28|          14|           7|
    +---------------------+----------+----+---+----+------------+------------+

    * Multiplexer: 
    +----------------------------------------+----+-----------+-----+-----------+
    |                  Name                  | LUT| Input Size| Bits| Total Bits|
    +----------------------------------------+----+-----------+-----+-----------+
    |ap_done_int                             |   9|          2|    1|          2|
    |ap_sig_allocacmp_arrayinit_curidx_load  |   9|          2|    7|         14|
    |arrayinit_curidx_fu_26                  |   9|          2|    7|         14|
    +----------------------------------------+----+-----------+-----+-----------+
    |Total                                   |  27|          6|   15|         30|
    +----------------------------------------+----+-----------+-----+-----------+

    * Register: 
    +------------------------+---+----+-----+-----------+
    |          Name          | FF| LUT| Bits| Const Bits|
    +------------------------+---+----+-----+-----------+
    |ap_CS_fsm               |  1|   0|    1|          0|
    |ap_done_reg             |  1|   0|    1|          0|
    |arrayinit_curidx_fu_26  |  7|   0|    7|          0|
    +------------------------+---+----+-----+-----------+
    |Total                   |  9|   0|    9|          0|
    +------------------------+---+----+-----+-----------+



================================================================
== Interface
================================================================
* Summary: 
+------------------+-----+-----+------------+-----------------------------------+--------------+
|     RTL Ports    | Dir | Bits|  Protocol  |           Source Object           |    C Type    |
+------------------+-----+-----+------------+-----------------------------------+--------------+
|ap_clk            |   in|    1|  ap_ctrl_hs|  naive_findClustersHLS1_Pipeline_2|  return value|
|ap_rst            |   in|    1|  ap_ctrl_hs|  naive_findClustersHLS1_Pipeline_2|  return value|
|ap_start          |   in|    1|  ap_ctrl_hs|  naive_findClustersHLS1_Pipeline_2|  return value|
|ap_done           |  out|    1|  ap_ctrl_hs|  naive_findClustersHLS1_Pipeline_2|  return value|
|ap_idle           |  out|    1|  ap_ctrl_hs|  naive_findClustersHLS1_Pipeline_2|  return value|
|ap_ready          |  out|    1|  ap_ctrl_hs|  naive_findClustersHLS1_Pipeline_2|  return value|
|stack_x_address0  |  out|    7|   ap_memory|                            stack_x|         array|
|stack_x_ce0       |  out|    1|   ap_memory|                            stack_x|         array|
|stack_x_we0       |  out|    1|   ap_memory|                            stack_x|         array|
|stack_x_d0        |  out|   32|   ap_memory|                            stack_x|         array|
|stack_y_address0  |  out|    7|   ap_memory|                            stack_y|         array|
|stack_y_ce0       |  out|    1|   ap_memory|                            stack_y|         array|
|stack_y_we0       |  out|    1|   ap_memory|                            stack_y|         array|
|stack_y_d0        |  out|   32|   ap_memory|                            stack_y|         array|
+------------------+-----+-----+------------+-----------------------------------+--------------+

